// Vitest Snapshot v1, https://vitest.dev/guide/snapshot.html

exports[`class: NpmScope > findInstallingPackages > correctly finds installing package data 1`] = `
[
  {
    "dependencies": [
      {
        "name": "foo",
        "version": "1.0.0",
      },
      {
        "name": "instrumented",
        "version": "0.1.0",
      },
    ],
    "name": "basic-project",
    "version": "1.0.0",
  },
]
`;

exports[`class: NpmScope > findInstallingPackages > finds no results for an known package at an unknown version 1`] = `[]`;

exports[`class: NpmScope > findInstallingPackages > finds no results for an unknown package 1`] = `[]`;

exports[`class: NpmScope > run > correctly captures dependency data 1`] = `
{
  "errors": [],
  "resourceMetrics": {
    "resource": Resource {
      "_asyncAttributesPromise": undefined,
      "_attributes": {
        "analyzed.host": "host",
        "analyzed.owner": "owner",
        "analyzed.raw": "gitOrigin",
        "analyzed.repository": "repository",
        "date": "1970-01-01T00:00:02.023Z",
        "project.id": "projectId",
        "service.name": "IBM Telemetry",
        "telemetry.emitter.name": "telemetryName",
        "telemetry.emitter.version": "telemetryVersion",
        "telemetry.sdk.language": "nodejs",
        "telemetry.sdk.name": "opentelemetry",
        "telemetry.sdk.version": "[omitted for test snapshot]",
      },
      "_syncAttributes": {
        "analyzed.host": "host",
        "analyzed.owner": "owner",
        "analyzed.raw": "gitOrigin",
        "analyzed.repository": "repository",
        "date": "1970-01-01T00:00:02.023Z",
        "project.id": "projectId",
        "service.name": "IBM Telemetry",
        "telemetry.emitter.name": "telemetryName",
        "telemetry.emitter.version": "telemetryVersion",
        "telemetry.sdk.language": "nodejs",
        "telemetry.sdk.name": "opentelemetry",
        "telemetry.sdk.version": "[omitted for test snapshot]",
      },
      "asyncAttributesPending": false,
    },
    "scopeMetrics": [
      {
        "metrics": [
          {
            "aggregationTemporality": 1,
            "dataPointType": 3,
            "dataPoints": [
              {
                "attributes": {
                  "npm.dependency.installer.name": "e497ed4e62a3b47d9cd8aaebefb6c0837b94fb8d710461ba203aa33ccf64cc4d",
                  "npm.dependency.installer.raw": "e497ed4e62a3b47d9cd8aaebefb6c0837b94fb8d710461ba203aa33ccf64cc4d",
                  "npm.dependency.installer.version.major": "1",
                  "npm.dependency.installer.version.minor": "0",
                  "npm.dependency.installer.version.patch": "0",
                  "npm.dependency.installer.version.raw": "92521fc3cbd964bdc9f584a991b89fddaa5754ed1cc96d6d42445338669c1305",
                  "npm.dependency.name": "2c26b46b68ffc68ff99b453c1d30413413422d706483bfa0f98a5e886266e7ae",
                  "npm.dependency.raw": "2c26b46b68ffc68ff99b453c1d30413413422d706483bfa0f98a5e886266e7ae",
                  "npm.dependency.version.major": "1",
                  "npm.dependency.version.minor": "0",
                  "npm.dependency.version.patch": "0",
                  "npm.dependency.version.raw": "92521fc3cbd964bdc9f584a991b89fddaa5754ed1cc96d6d42445338669c1305",
                },
                "endTime": [
                  0,
                  0,
                ],
                "startTime": [
                  0,
                  0,
                ],
                "value": 1,
              },
              {
                "attributes": {
                  "npm.dependency.installer.name": "e497ed4e62a3b47d9cd8aaebefb6c0837b94fb8d710461ba203aa33ccf64cc4d",
                  "npm.dependency.installer.raw": "e497ed4e62a3b47d9cd8aaebefb6c0837b94fb8d710461ba203aa33ccf64cc4d",
                  "npm.dependency.installer.version.major": "1",
                  "npm.dependency.installer.version.minor": "0",
                  "npm.dependency.installer.version.patch": "0",
                  "npm.dependency.installer.version.raw": "92521fc3cbd964bdc9f584a991b89fddaa5754ed1cc96d6d42445338669c1305",
                  "npm.dependency.name": "ec46e364d52dab2e207d33617267a84df5838926793c1b0a2974899fe28229f1",
                  "npm.dependency.raw": "ec46e364d52dab2e207d33617267a84df5838926793c1b0a2974899fe28229f1",
                  "npm.dependency.version.major": "0",
                  "npm.dependency.version.minor": "1",
                  "npm.dependency.version.patch": "0",
                  "npm.dependency.version.raw": "6ad9613a455798d6d92e5f5f390ab4baa70596bc869ed6b17f5cdd2b28635f06",
                },
                "endTime": [
                  0,
                  0,
                ],
                "startTime": [
                  0,
                  0,
                ],
                "value": 1,
              },
            ],
            "descriptor": {
              "advice": {},
              "description": "",
              "name": "dependency.count",
              "type": "COUNTER",
              "unit": "",
              "valueType": 0,
            },
            "isMonotonic": true,
          },
        ],
        "scope": {
          "name": "npm",
          "schemaUrl": undefined,
          "version": "",
        },
      },
    ],
  },
}
`;
