// Vitest Snapshot v1, https://vitest.dev/guide/snapshot.html

exports[`class: JsxScope > parseFile > correctly detects imports and elements in a given file > elements 1`] = `
[
  {
    "attributes": [
      {
        "name": "firstProp",
        "value": ComplexAttribute {
          "complexValue": "1 === 5 ? 'boo' : 'baa'",
        },
      },
      {
        "name": "simple",
        "value": "4",
      },
      {
        "name": "woo",
        "value": true,
      },
    ],
    "name": "Button",
    "prefix": undefined,
    "raw": "<Button firstProp={1 === 5 ? 'boo' : 'baa'} simple=\\"4\\" hi={} woo>Hey</Button>",
  },
]
`;

exports[`class: JsxScope > parseFile > correctly detects imports and elements in a given file > imports 1`] = `
[
  {
    "isAll": false,
    "isDefault": true,
    "name": "[Default]",
    "path": "instrumented",
    "rename": "Button",
  },
]
`;

exports[`class: JsxScope > run > correctly captures jsx element metric data 1`] = `
{
  "errors": [],
  "resourceMetrics": {
    "resource": Resource {
      "_asyncAttributesPromise": undefined,
      "_attributes": {
        "analyzed.host": "host",
        "analyzed.owner": "owner",
        "analyzed.raw": "gitOrigin",
        "analyzed.repository": "repository",
        "date": "1970-01-01T00:00:02.023Z",
        "project.id": "projectId",
        "service.name": "IBM Telemetry",
        "telemetry.emitter.name": "telemetryName",
        "telemetry.emitter.version": "telemetryVersion",
        "telemetry.sdk.language": "nodejs",
        "telemetry.sdk.name": "opentelemetry",
        "telemetry.sdk.version": "[omitted for test snapshot]",
      },
      "_syncAttributes": {
        "analyzed.host": "host",
        "analyzed.owner": "owner",
        "analyzed.raw": "gitOrigin",
        "analyzed.repository": "repository",
        "date": "1970-01-01T00:00:02.023Z",
        "project.id": "projectId",
        "service.name": "IBM Telemetry",
        "telemetry.emitter.name": "telemetryName",
        "telemetry.emitter.version": "telemetryVersion",
        "telemetry.sdk.language": "nodejs",
        "telemetry.sdk.name": "opentelemetry",
        "telemetry.sdk.version": "[omitted for test snapshot]",
      },
      "asyncAttributesPending": false,
    },
    "scopeMetrics": [
      {
        "metrics": [
          {
            "aggregationTemporality": 1,
            "dataPointType": 3,
            "dataPoints": [
              {
                "attributes": {
                  "attribute.names": [
                    "firstProp",
                    "[redacted2]",
                    "[redacted4]",
                  ],
                  "attribute.values": [
                    "[redacted1]",
                    "[redacted3]",
                    "[redacted5]",
                  ],
                  "invoker.package.name": "e497ed4e62a3b47d9cd8aaebefb6c0837b94fb8d710461ba203aa33ccf64cc4d",
                  "invoker.package.owner": undefined,
                  "invoker.package.raw": "e497ed4e62a3b47d9cd8aaebefb6c0837b94fb8d710461ba203aa33ccf64cc4d",
                  "module.specifier": "instrumented",
                  "name": "[Default]",
                  "raw": "d2762594f220c02e2f58009515fac49d05cf5f2457fe037a55a33ad18c3a7894",
                },
                "endTime": [
                  0,
                  0,
                ],
                "startTime": [
                  0,
                  0,
                ],
                "value": 1,
              },
              {
                "attributes": {
                  "attribute.names": [
                    "firstProp",
                    "secondProp",
                    "[redacted6]",
                    "[redacted8]",
                    "[redacted10]",
                    "[redacted12]",
                    "[redacted14]",
                    "[redacted15]",
                    "[redacted16]",
                    "[redacted18]",
                  ],
                  "attribute.values": [
                    "hi",
                    "wow",
                    "[redacted7]",
                    "[redacted9]",
                    "[redacted11]",
                    "[redacted13]",
                    "[redacted5]",
                    "[redacted5]",
                    "[redacted17]",
                    "[redacted19]",
                  ],
                  "invoker.package.name": "e497ed4e62a3b47d9cd8aaebefb6c0837b94fb8d710461ba203aa33ccf64cc4d",
                  "invoker.package.owner": undefined,
                  "invoker.package.raw": "e497ed4e62a3b47d9cd8aaebefb6c0837b94fb8d710461ba203aa33ccf64cc4d",
                  "module.specifier": "instrumented",
                  "name": "ImaginaryThing",
                  "raw": "899e0be4e2eff31c6817a727793f72f83e010711b58e6d730dde8b87afae500e",
                },
                "endTime": [
                  0,
                  0,
                ],
                "startTime": [
                  0,
                  0,
                ],
                "value": 1,
              },
            ],
            "descriptor": {
              "advice": {},
              "description": "",
              "name": "element.count",
              "type": "COUNTER",
              "unit": "",
              "valueType": 0,
            },
            "isMonotonic": true,
          },
        ],
        "scope": {
          "name": "jsx",
          "schemaUrl": undefined,
          "version": "",
        },
      },
    ],
  },
}
`;
