// Vitest Snapshot v1, https://vitest.dev/guide/snapshot.html

exports[`class: WcScriptNodeHandler > correctly returns the script sources for an html file fixture 1`] = `
[
  "https://1.www.s81c.com/common/carbon/web-components/version/v2.35.0/tag.min.js",
  "https://1.www.s81c.com/common/carbon/web-components/tag/v2/latest/code-snippet.min.js",
  "https://1.www.s81c.com/common/carbon/not-matching-package/button.js",
  "./js-file-with-import.js",
]
`;
