// Vitest Snapshot v1, https://vitest.dev/guide/snapshot.html

exports[`class: CallExpressionNodeHandler > correctly returns the JsFunctions for a complex fixture 1`] = `
[
  {
    "accessPath": [
      "someFunction",
    ],
    "arguments": [],
    "endPos": 207,
    "name": "someFunction",
    "startPos": 0,
  },
  {
    "accessPath": [
      "anObject",
      "property",
      "optionallyChainedFunction",
    ],
    "arguments": [
      1,
      ComplexValue {
        "complexValue": "[2,3,4]",
      },
    ],
    "endPos": 267,
    "name": "optionallyChainedFunction",
    "startPos": 207,
  },
  {
    "accessPath": [
      "anObject",
      "property",
      "aFunction",
    ],
    "arguments": [
      "aNormalArgument",
    ],
    "endPos": 315,
    "name": "aFunction",
    "startPos": 267,
  },
  {
    "accessPath": [
      "anObject",
      "property",
      "aFunction",
    ],
    "arguments": [],
    "endPos": 349,
    "name": "aFunction",
    "startPos": 315,
  },
  {
    "accessPath": [
      "anObject",
      "property",
      "4",
    ],
    "arguments": [
      "hey",
      500,
      ComplexValue {
        "complexValue": "{yeah: 'yeah'}",
      },
    ],
    "endPos": 402,
    "name": "4",
    "startPos": 349,
  },
  {
    "accessPath": [
      "anObject",
      "BLA",
      "property",
      "aFunction",
    ],
    "arguments": [
      ComplexValue {
        "complexValue": "{variable, ...object}",
      },
    ],
    "endPos": 465,
    "name": "'aFunction'",
    "startPos": 402,
  },
  {
    "accessPath": [
      "anObject",
      "property",
      "aFunction",
    ],
    "arguments": [
      "click",
      ComplexValue {
        "complexValue": "aFunction",
      },
    ],
    "endPos": 516,
    "name": "aFunction",
    "startPos": 465,
  },
  {
    "accessPath": [
      "aFunction",
      "anotherFunction",
      "anotherFunction",
    ],
    "arguments": [],
    "endPos": 593,
    "name": "anotherFunction",
    "startPos": 516,
  },
]
`;
