// Vitest Snapshot v1, https://vitest.dev/guide/snapshot.html

exports[`class: ElementAccessExpressionNodeHandler > correctly returns the JsTokens for a complex fixture 1`] = `
[
  {
    "accessPath": [
      "blue",
      "60",
    ],
    "name": "60",
  },
  {
    "accessPath": [
      "blue",
      "60.4",
    ],
    "name": "60.4",
  },
  {
    "accessPath": [
      "colors",
      "blue",
      "property",
    ],
    "name": "property",
  },
  {
    "accessPath": [
      "blue",
      "60",
      "THE_CONSTANT",
      "bloop",
    ],
    "name": "bloop",
  },
  {
    "accessPath": [
      "anObject",
      "BLA.property",
      "anotherProperty",
    ],
    "name": "anotherProperty",
  },
  {
    "accessPath": [
      "BLA",
      "property",
    ],
    "name": "property",
  },
  {
    "accessPath": [
      "anObject",
      "BLA.property",
      "anotherProperty",
    ],
    "name": "anotherProperty",
  },
  {
    "accessPath": [
      "BLA",
      "property",
      "A_CONSTANT",
    ],
    "name": "A_CONSTANT",
  },
]
`;
