// Vitest Snapshot v1, https://vitest.dev/guide/snapshot.html

exports[`class: IdentifierNodeHandler > correctly returns the JsTokens for a complex fixture 1`] = `
[
  {
    "accessPath": [
      "blue",
    ],
    "endPos": 197,
    "name": "blue",
    "startPos": 0,
  },
  {
    "accessPath": [
      "blue",
    ],
    "endPos": 211,
    "name": "blue",
    "startPos": 203,
  },
  {
    "accessPath": [
      "colors",
    ],
    "endPos": 229,
    "name": "colors",
    "startPos": 219,
  },
  {
    "accessPath": [
      "blue",
    ],
    "endPos": 234,
    "name": "blue",
    "startPos": 230,
  },
  {
    "accessPath": [
      "colors",
    ],
    "endPos": 242,
    "name": "colors",
    "startPos": 234,
  },
  {
    "accessPath": [
      "blue",
    ],
    "endPos": 247,
    "name": "blue",
    "startPos": 243,
  },
  {
    "accessPath": [
      "blue",
    ],
    "endPos": 267,
    "name": "blue",
    "startPos": 259,
  },
  {
    "accessPath": [
      "gradient",
    ],
    "endPos": 283,
    "name": "gradient",
    "startPos": 275,
  },
  {
    "accessPath": [
      "big",
    ],
    "endPos": 288,
    "name": "big",
    "startPos": 285,
  },
  {
    "accessPath": [
      "blue",
    ],
    "endPos": 296,
    "name": "blue",
    "startPos": 288,
  },
  {
    "accessPath": [
      "THE_CONSTANT",
    ],
    "endPos": 315,
    "name": "THE_CONSTANT",
    "startPos": 303,
  },
  {
    "accessPath": [
      "bla",
    ],
    "endPos": 340,
    "name": "bla",
    "startPos": 336,
  },
  {
    "accessPath": [
      "THE_CONSTANT",
    ],
    "endPos": 355,
    "name": "THE_CONSTANT",
    "startPos": 342,
  },
  {
    "accessPath": [
      "anObject",
    ],
    "endPos": 390,
    "name": "anObject",
    "startPos": 355,
  },
  {
    "accessPath": [
      "BLA",
    ],
    "endPos": 394,
    "name": "BLA",
    "startPos": 391,
  },
]
`;
