// Vitest Snapshot v1, https://vitest.dev/guide/snapshot.html

exports[`class: PropertyAccessExpressionNodeHandler > correctly returns the JsTokens for a complex fixture 1`] = `
[
  {
    "accessPath": [
      "colors",
      "blue",
    ],
    "endPos": 234,
    "name": "blue",
    "startPos": 219,
  },
  {
    "accessPath": [
      "blue",
      "60",
      "gradient",
      "big",
    ],
    "endPos": 288,
    "name": "big",
    "startPos": 259,
  },
  {
    "accessPath": [
      "BLA",
      "property",
    ],
    "endPos": 424,
    "name": "property",
    "startPos": 412,
  },
]
`;
