// Vitest Snapshot v1, https://vitest.dev/guide/snapshot.html

exports[`class: PropertyAccessExpressionNodeHandler > correctly returns the JsTokens for a complex fixture 1`] = `
[
  {
    "accessPath": [
      "colors",
      "blue",
    ],
    "name": "blue",
  },
  {
    "accessPath": [
      "blue",
      "60",
      "gradient",
      "big",
    ],
    "name": "big",
  },
  {
    "accessPath": [
      "BLA",
      "property",
    ],
    "name": "property",
  },
]
`;
