// Vitest Snapshot v1, https://vitest.dev/guide/snapshot.html

exports[`processFile > correctly detects imports and elements in a given file > elements 1`] = `
[
  {
    "attributes": [
      {
        "name": "firstProp",
        "value": ComplexValue {
          "complexValue": "1 === 5 ? 'boo' : 'baa'",
        },
      },
      {
        "name": "simple",
        "value": "4",
      },
      {
        "name": "woo",
        "value": true,
      },
    ],
    "name": "Button",
    "prefix": undefined,
  },
  {
    "attributes": [
      {
        "name": "firstProp",
        "value": ComplexValue {
          "complexValue": "1 === 5 ? 'boo' : 'baa'",
        },
      },
      {
        "name": "simple",
        "value": "4",
      },
      {
        "name": "woo",
        "value": true,
      },
    ],
    "name": "Button",
    "prefix": undefined,
  },
]
`;

exports[`processFile > correctly detects imports and elements in a given file > imports 1`] = `
[
  {
    "isAll": false,
    "isDefault": true,
    "name": "[Default]",
    "path": "instrumented",
    "rename": "Button",
  },
]
`;
