// Vitest Snapshot v1, https://vitest.dev/guide/snapshot.html

exports[`class: JsxSelfClosingElementNodeHandler > correctly returns the JsxElements for a complex fixture 1`] = `
[
  {
    "attributes": [],
    "name": "Element1",
    "prefix": "Prefix",
  },
  {
    "attributes": [],
    "name": "Element1",
    "prefix": undefined,
  },
  {
    "attributes": [],
    "name": "Property.Nested.Element",
    "prefix": "Prefix",
  },
  {
    "attributes": [
      {
        "name": "attr1",
        "value": "string",
      },
      {
        "name": "attr2",
        "value": 4,
      },
      {
        "name": "attr5",
        "value": undefined,
      },
      {
        "name": "attr6",
        "value": null,
      },
      {
        "name": "attr8",
        "value": true,
      },
      {
        "name": "attr9",
        "value": true,
      },
      {
        "name": "attr10",
        "value": false,
      },
      {
        "name": "attr11",
        "value": ComplexAttribute {
          "complexValue": "variable",
        },
      },
      {
        "name": "attr12",
        "value": ComplexAttribute {
          "complexValue": "element[access]",
        },
      },
      {
        "name": "attr13",
        "value": ComplexAttribute {
          "complexValue": "{key: 'value', key2: 10}",
        },
      },
    ],
    "name": "Element1",
    "prefix": undefined,
  },
]
`;
