// Vitest Snapshot v1, https://vitest.dev/guide/snapshot.html

exports[`processHtmlFile > correctly detects web components in a given html file > elements 1`] = `
[
  {
    "attributes": [],
    "name": "html",
  },
  {
    "attributes": [],
    "name": "head",
  },
  {
    "attributes": [
      {
        "name": "charset",
        "value": "UTF-8",
      },
    ],
    "name": "meta",
  },
  {
    "attributes": [],
    "name": "title",
  },
  {
    "attributes": [],
    "name": "body",
  },
  {
    "attributes": [
      {
        "name": "one",
        "value": "one",
      },
      {
        "name": "two",
        "value": "",
      },
      {
        "name": "three",
        "value": "three",
      },
    ],
    "name": "cds-button",
  },
  {
    "attributes": [
      {
        "name": "firstprop",
        "value": "hi",
      },
      {
        "name": "two",
        "value": "",
      },
      {
        "name": "secondprop",
        "value": "wow",
      },
    ],
    "name": "accordion",
  },
]
`;
